[debug] [2026-06-19T01:22:47.648Z] ----------------------------------------------------------------------
[debug] [2026-06-19T01:22:47.656Z] Command:       /opt/homebrew/Cellar/node/25.1.0_1/bin/node /opt/homebrew/bin/firebase deploy --only hosting
[debug] [2026-06-19T01:22:47.656Z] CLI Version:   15.17.0
[debug] [2026-06-19T01:22:47.656Z] Platform:      darwin
[debug] [2026-06-19T01:22:47.656Z] Node Version:  v25.1.0
[debug] [2026-06-19T01:22:47.656Z] Time:          Thu Jun 18 2026 18:22:47 GMT-0700 (Pacific Daylight Time)
[debug] [2026-06-19T01:22:47.656Z] ----------------------------------------------------------------------
[debug] 
[debug] [2026-06-19T01:22:47.657Z] >>> [apiv2][query] GET https://firebase-public.firebaseio.com/cli.json [none]
[debug] [2026-06-19T01:22:48.653Z] > command requires scopes: ["email","openid","https://www.googleapis.com/auth/cloudplatformprojects.readonly","https://www.googleapis.com/auth/firebase","https://www.googleapis.com/auth/cloud-platform"]
[debug] [2026-06-19T01:22:48.654Z] > authorizing via signed-in user (eric@viiyaflow.com)
[debug] [2026-06-19T01:22:48.654Z] [iam] checking project viyaway-travel-app for permissions ["firebase.projects.get","firebasehosting.sites.update"]
[debug] [2026-06-19T01:22:48.654Z] Checked if tokens are valid: false, expires at: 1779039304438
[debug] [2026-06-19T01:22:48.654Z] Checked if tokens are valid: false, expires at: 1779039304438
[debug] [2026-06-19T01:22:48.654Z] > refreshing access token with scopes: []
[debug] [2026-06-19T01:22:48.654Z] >>> [apiv2][query] POST https://www.googleapis.com/oauth2/v3/token [none]
[debug] [2026-06-19T01:22:48.654Z] >>> [apiv2][body] POST https://www.googleapis.com/oauth2/v3/token [omitted]
[debug] [2026-06-19T01:22:48.796Z] <<< [apiv2][status] GET https://firebase-public.firebaseio.com/cli.json 200
[debug] [2026-06-19T01:22:48.796Z] <<< [apiv2][body] GET https://firebase-public.firebaseio.com/cli.json {"cloudBuildErrorAfter":1594252800000,"cloudBuildWarnAfter":1590019200000,"defaultNode10After":1594252800000,"minVersion":"3.0.5","node8DeploysDisabledAfter":1613390400000,"node8RuntimeDisabledAfter":1615809600000,"node8WarnAfter":1600128000000}
[debug] [2026-06-19T01:22:48.808Z] <<< [apiv2][status] POST https://www.googleapis.com/oauth2/v3/token 400
[debug] [2026-06-19T01:22:48.808Z] <<< [apiv2][body] POST https://www.googleapis.com/oauth2/v3/token [omitted]
[error] Authentication Error: Your credentials are no longer valid. Please run firebase login --reauth

For CI servers and headless environments, generate a new token with firebase login:ci
[error] Authentication Error: Your credentials are no longer valid. Please run firebase login --reauth

For CI servers and headless environments, generate a new token with firebase login:ci
[debug] [2026-06-19T01:22:48.809Z] [iam] error while checking permissions, command may fail: Authentication Error: Your credentials are no longer valid. Please run firebase login --reauth

For CI servers and headless environments, generate a new token with firebase login:ci
[debug] [2026-06-19T01:22:48.809Z] Checked if tokens are valid: false, expires at: 1779039304438
[debug] [2026-06-19T01:22:48.809Z] Checked if tokens are valid: false, expires at: 1779039304438
[debug] [2026-06-19T01:22:48.809Z] > refreshing access token with scopes: []
[debug] [2026-06-19T01:22:48.809Z] >>> [apiv2][query] POST https://www.googleapis.com/oauth2/v3/token [none]
[debug] [2026-06-19T01:22:48.809Z] >>> [apiv2][body] POST https://www.googleapis.com/oauth2/v3/token [omitted]
[debug] [2026-06-19T01:22:48.887Z] <<< [apiv2][status] POST https://www.googleapis.com/oauth2/v3/token 400
[debug] [2026-06-19T01:22:48.887Z] <<< [apiv2][body] POST https://www.googleapis.com/oauth2/v3/token [omitted]
[error] Authentication Error: Your credentials are no longer valid. Please run firebase login --reauth

For CI servers and headless environments, generate a new token with firebase login:ci
[error] Authentication Error: Your credentials are no longer valid. Please run firebase login --reauth

For CI servers and headless environments, generate a new token with firebase login:ci
[debug] [2026-06-19T01:22:48.888Z] Authentication Error: Your credentials are no longer valid. Please run firebase login --reauth

For CI servers and headless environments, generate a new token with firebase login:ci
[error] 
[error] Error: Assertion failed: resolving hosting target of a site with no site name or target name. This should have caused an error earlier
[debug] [2026-06-21T17:10:17.497Z] ----------------------------------------------------------------------
[debug] [2026-06-21T17:10:17.498Z] Command:       /opt/homebrew/Cellar/node/25.1.0_1/bin/node /opt/homebrew/bin/firebase hosting:channel:list --project=viyaway-travel-app
[debug] [2026-06-21T17:10:17.498Z] CLI Version:   15.17.0
[debug] [2026-06-21T17:10:17.498Z] Platform:      darwin
[debug] [2026-06-21T17:10:17.498Z] Node Version:  v25.1.0
[debug] [2026-06-21T17:10:17.498Z] Time:          Sun Jun 21 2026 10:10:17 GMT-0700 (Pacific Daylight Time)
[debug] [2026-06-21T17:10:17.498Z] ----------------------------------------------------------------------
[debug] 
[debug] [2026-06-21T17:10:17.499Z] >>> [apiv2][query] GET https://firebase-public.firebaseio.com/cli.json [none]
[debug] [2026-06-21T17:10:17.617Z] > command requires scopes: ["email","openid","https://www.googleapis.com/auth/cloudplatformprojects.readonly","https://www.googleapis.com/auth/firebase","https://www.googleapis.com/auth/cloud-platform"]
[debug] [2026-06-21T17:10:17.617Z] > authorizing via signed-in user (eric@viiyaflow.com)
[debug] [2026-06-21T17:10:17.617Z] [iam] checking project viyaway-travel-app for permissions ["firebase.projects.get","firebasehosting.sites.update"]
[debug] [2026-06-21T17:10:17.618Z] Checked if tokens are valid: false, expires at: 1779039304438
[debug] [2026-06-21T17:10:17.618Z] Checked if tokens are valid: false, expires at: 1779039304438
[debug] [2026-06-21T17:10:17.618Z] > refreshing access token with scopes: []
[debug] [2026-06-21T17:10:17.618Z] >>> [apiv2][query] POST https://www.googleapis.com/oauth2/v3/token [none]
[debug] [2026-06-21T17:10:17.618Z] >>> [apiv2][body] POST https://www.googleapis.com/oauth2/v3/token [omitted]
[debug] [2026-06-21T17:10:17.753Z] <<< [apiv2][status] POST https://www.googleapis.com/oauth2/v3/token 400
[debug] [2026-06-21T17:10:17.753Z] <<< [apiv2][body] POST https://www.googleapis.com/oauth2/v3/token [omitted]
[error] Authentication Error: Your credentials are no longer valid. Please run firebase login --reauth

For CI servers and headless environments, generate a new token with firebase login:ci
[error] Authentication Error: Your credentials are no longer valid. Please run firebase login --reauth

For CI servers and headless environments, generate a new token with firebase login:ci
[debug] [2026-06-21T17:10:17.753Z] [iam] error while checking permissions, command may fail: Authentication Error: Your credentials are no longer valid. Please run firebase login --reauth

For CI servers and headless environments, generate a new token with firebase login:ci
[debug] [2026-06-21T17:10:17.754Z] Checked if tokens are valid: false, expires at: 1779039304438
[debug] [2026-06-21T17:10:17.754Z] Checked if tokens are valid: false, expires at: 1779039304438
[debug] [2026-06-21T17:10:17.754Z] > refreshing access token with scopes: []
[debug] [2026-06-21T17:10:17.754Z] >>> [apiv2][query] POST https://www.googleapis.com/oauth2/v3/token [none]
[debug] [2026-06-21T17:10:17.754Z] >>> [apiv2][body] POST https://www.googleapis.com/oauth2/v3/token [omitted]
[debug] [2026-06-21T17:10:17.760Z] <<< [apiv2][status] GET https://firebase-public.firebaseio.com/cli.json 200
[debug] [2026-06-21T17:10:17.760Z] <<< [apiv2][body] GET https://firebase-public.firebaseio.com/cli.json {"cloudBuildErrorAfter":1594252800000,"cloudBuildWarnAfter":1590019200000,"defaultNode10After":1594252800000,"minVersion":"3.0.5","node8DeploysDisabledAfter":1613390400000,"node8RuntimeDisabledAfter":1615809600000,"node8WarnAfter":1600128000000}
[debug] [2026-06-21T17:10:17.841Z] <<< [apiv2][status] POST https://www.googleapis.com/oauth2/v3/token 400
[debug] [2026-06-21T17:10:17.841Z] <<< [apiv2][body] POST https://www.googleapis.com/oauth2/v3/token [omitted]
[error] Authentication Error: Your credentials are no longer valid. Please run firebase login --reauth

For CI servers and headless environments, generate a new token with firebase login:ci
[error] Authentication Error: Your credentials are no longer valid. Please run firebase login --reauth

For CI servers and headless environments, generate a new token with firebase login:ci
[debug] [2026-06-21T17:10:17.841Z] Authentication Error: Your credentials are no longer valid. Please run firebase login --reauth

For CI servers and headless environments, generate a new token with firebase login:ci
[debug] [2026-06-21T17:10:17.957Z] FirebaseError: Authentication Error: Your credentials are no longer valid. Please run firebase login --reauth

For CI servers and headless environments, generate a new token with firebase login:ci
    at invalidCredentialError (/opt/homebrew/lib/node_modules/firebase-tools/lib/auth.js:177:12)
    at refreshTokens (/opt/homebrew/lib/node_modules/firebase-tools/lib/auth.js:590:15)
    at process.processTicksAndRejections (node:internal/process/task_queues:103:5)
    at async getAccessToken (/opt/homebrew/lib/node_modules/firebase-tools/lib/apiv2.js:52:18)
    at async Client.addAuthHeader (/opt/homebrew/lib/node_modules/firebase-tools/lib/apiv2.js:182:21)
    at async Client.request (/opt/homebrew/lib/node_modules/firebase-tools/lib/apiv2.js:129:34)
    at async getFirebaseProject (/opt/homebrew/lib/node_modules/firebase-tools/lib/management/projects.js:361:21)
    at async getDefaultHostingSite (/opt/homebrew/lib/node_modules/firebase-tools/lib/getDefaultHostingSite.js:14:21)
    at async Object.requireHostingSite [as fn] (/opt/homebrew/lib/node_modules/firebase-tools/lib/requireHostingSite.js:9:18)
    at async /opt/homebrew/lib/node_modules/firebase-tools/lib/command.js:271:17
[error] 
[error] Error: Failed to get Firebase project viyaway-travel-app. Please make sure the project exists and your account has permission to access it.
